[    0.000000] Linux version 4.15.0-106-generic (buildd@lcy01-amd64-016) (gcc version 7.5.0 (Ubuntu 7.5.0-3ubuntu1~18.04)) #107-Ubuntu SMP Thu Jun 4 11:27:52 UTC 2020 (Ubuntu 4.15.0-106.107-generic 4.15.18)
[    0.000000] Command line: BOOT_IMAGE=/boot/vmlinuz-4.15.0-106-generic root=LABEL=cloudimg-rootfs ro console=tty1 console=ttyS0
[    0.000000] KERNEL supported cpus:
[    0.000000]   Intel GenuineIntel
[    0.000000]   AMD AuthenticAMD
[    0.000000]   Centaur CentaurHauls
[    0.000000] [Firmware Bug]: TSC doesn't count with P0 frequency!
[    0.000000] x86/fpu: Supporting XSAVE feature 0x001: 'x87 floating point registers'
[    0.000000] x86/fpu: Supporting XSAVE feature 0x002: 'SSE registers'
[    0.000000] x86/fpu: Supporting XSAVE feature 0x004: 'AVX registers'
[    0.000000] x86/fpu: xstate_offset[2]:  576, xstate_sizes[2]:  256
[    0.000000] x86/fpu: Enabled xstate features 0x7, context size is 832 bytes, using 'standard' format.
[    0.000000] e820: BIOS-provided physical RAM map:
[    0.000000] BIOS-e820: [mem 0x0000000000000000-0x000000000009fbff] usable
[    0.000000] BIOS-e820: [mem 0x000000000009fc00-0x000000000009ffff] reserved
[    0.000000] BIOS-e820: [mem 0x00000000000f0000-0x00000000000fffff] reserved
[    0.000000] BIOS-e820: [mem 0x0000000000100000-0x000000003ffeffff] usable
[    0.000000] BIOS-e820: [mem 0x000000003fff0000-0x000000003fffffff] ACPI data
[    0.000000] BIOS-e820: [mem 0x00000000fec00000-0x00000000fec00fff] reserved
[    0.000000] BIOS-e820: [mem 0x00000000fee00000-0x00000000fee00fff] reserved
[    0.000000] BIOS-e820: [mem 0x00000000fffc0000-0x00000000ffffffff] reserved
[    0.000000] NX (Execute Disable) protection: active
[    0.000000] SMBIOS 2.5 present.
[    0.000000] DMI: innotek GmbH VirtualBox/VirtualBox, BIOS VirtualBox 12/01/2006
[    0.000000] Hypervisor detected: KVM
[    0.000000] e820: last_pfn = 0x3fff0 max_arch_pfn = 0x400000000
[    0.000000] MTRR: Disabled
[    0.000000] x86/PAT: MTRRs disabled, skipping PAT initialization too.
[    0.000000] CPU MTRRs all blank - virtualized system.
[    0.000000] x86/PAT: Configuration [0-7]: WB  WT  UC- UC  WB  WT  UC- UC  
[    0.000000] found SMP MP-table at [mem 0x0009fff0-0x0009ffff]
[    0.000000] Scanning 1 areas for low memory corruption
[    0.000000] RAMDISK: [mem 0x35a6d000-0x36d2dfff]
[    0.000000] ACPI: Early table checksum verification disabled
[    0.000000] ACPI: RSDP 0x00000000000E0000 000024 (v02 VBOX  )
[    0.000000] ACPI: XSDT 0x000000003FFF0030 00003C (v01 VBOX   VBOXXSDT 00000001 ASL  00000061)
[    0.000000] ACPI: FACP 0x000000003FFF00F0 0000F4 (v04 VBOX   VBOXFACP 00000001 ASL  00000061)
[    0.000000] ACPI: DSDT 0x000000003FFF0470 002325 (v02 VBOX   VBOXBIOS 00000002 INTL 20100528)
[    0.000000] ACPI: FACS 0x000000003FFF0200 000040
[    0.000000] ACPI: FACS 0x000000003FFF0200 000040
[    0.000000] ACPI: APIC 0x000000003FFF0240 00005C (v02 VBOX   VBOXAPIC 00000001 ASL  00000061)
[    0.000000] ACPI: SSDT 0x000000003FFF02A0 0001CC (v01 VBOX   VBOXCPUT 00000002 INTL 20100528)
[    0.000000] No NUMA configuration found
[    0.000000] Faking a node at [mem 0x0000000000000000-0x000000003ffeffff]
[    0.000000] NODE_DATA(0) allocated [mem 0x3ffc5000-0x3ffeffff]
[    0.000000] kvm-clock: cpu 0, msr 0:3ff44001, primary cpu clock
[    0.000000] kvm-clock: Using msrs 4b564d01 and 4b564d00
[    0.000000] kvm-clock: using sched offset of 3391380383 cycles
[    0.000000] clocksource: kvm-clock: mask: 0xffffffffffffffff max_cycles: 0x1cd42e4dffb, max_idle_ns: 881590591483 ns
[    0.000000] Zone ranges:
[    0.000000]   DMA      [mem 0x0000000000001000-0x0000000000ffffff]
[    0.000000]   DMA32    [mem 0x0000000001000000-0x000000003ffeffff]
[    0.000000]   Normal   empty
[    0.000000]   Device   empty
[    0.000000] Movable zone start for each node
[    0.000000] Early memory node ranges
[    0.000000]   node   0: [mem 0x0000000000001000-0x000000000009efff]
[    0.000000]   node   0: [mem 0x0000000000100000-0x000000003ffeffff]
[    0.000000] Reserved but unavailable: 98 pages
[    0.000000] Initmem setup node 0 [mem 0x0000000000001000-0x000000003ffeffff]
[    0.000000] ACPI: PM-Timer IO Port: 0x4008
[    0.000000] IOAPIC[0]: apic_id 2, version 32, address 0xfec00000, GSI 0-23
[    0.000000] ACPI: INT_SRC_OVR (bus 0 bus_irq 0 global_irq 2 dfl dfl)
[    0.000000] ACPI: INT_SRC_OVR (bus 0 bus_irq 9 global_irq 9 low level)
[    0.000000] Using ACPI (MADT) for SMP configuration information
[    0.000000] smpboot: Allowing 2 CPUs, 0 hotplug CPUs
[    0.000000] PM: Registered nosave memory: [mem 0x00000000-0x00000fff]
[    0.000000] PM: Registered nosave memory: [mem 0x0009f000-0x0009ffff]
[    0.000000] PM: Registered nosave memory: [mem 0x000a0000-0x000effff]
[    0.000000] PM: Registered nosave memory: [mem 0x000f0000-0x000fffff]
[    0.000000] e820: [mem 0x40000000-0xfebfffff] available for PCI devices
[    0.000000] Booting paravirtualized kernel on KVM
[    0.000000] clocksource: refined-jiffies: mask: 0xffffffff max_cycles: 0xffffffff, max_idle_ns: 7645519600211568 ns
[    0.000000] random: get_random_bytes called from start_kernel+0x99/0x4fd with crng_init=0
[    0.000000] setup_percpu: NR_CPUS:8192 nr_cpumask_bits:2 nr_cpu_ids:2 nr_node_ids:1
[    0.000000] percpu: Embedded 45 pages/cpu s147456 r8192 d28672 u1048576
[    0.000000] PV qspinlock hash table entries: 256 (order: 0, 4096 bytes)
[    0.000000] Built 1 zonelists, mobility grouping on.  Total pages: 257913
[    0.000000] Policy zone: DMA32
[    0.000000] Kernel command line: BOOT_IMAGE=/boot/vmlinuz-4.15.0-106-generic root=LABEL=cloudimg-rootfs ro console=tty1 console=ttyS0
[    0.000000] Memory: 983048K/1048120K available (12300K kernel code, 2481K rwdata, 4272K rodata, 2436K init, 2720K bss, 65072K reserved, 0K cma-reserved)
[    0.000000] SLUB: HWalign=64, Order=0-3, MinObjects=0, CPUs=2, Nodes=1
[    0.000000] ftrace: allocating 39378 entries in 154 pages
[    0.004000] Hierarchical RCU implementation.
[    0.004000] 	RCU restricting CPUs from NR_CPUS=8192 to nr_cpu_ids=2.
[    0.004000] 	Tasks RCU enabled.
[    0.004000] RCU: Adjusting geometry for rcu_fanout_leaf=16, nr_cpu_ids=2
[    0.004000] NR_IRQS: 524544, nr_irqs: 440, preallocated irqs: 16
[    0.004000] Console: colour VGA+ 80x25
[    0.004000] console [tty1] enabled
[    0.004000] console [ttyS0] enabled
[    0.004000] ACPI: Core revision 20170831
[    0.004000] ACPI: 2 ACPI AML tables successfully acquired and loaded
[    0.004000] APIC: Switch to symmetric I/O mode setup
[    0.004000] x2apic enabled
[    0.004000] Switched APIC routing to physical x2apic.
[    0.004000] ..TIMER: vector=0x30 apic1=0 pin1=2 apic2=-1 pin2=-1
[    0.004000] tsc: Detected 3593.252 MHz processor
[    0.004000] Calibrating delay loop (skipped) preset value.. 7186.50 BogoMIPS (lpj=14373008)
[    0.004000] pid_max: default: 32768 minimum: 301
[    0.004000] Security Framework initialized
[    0.004000] Yama: becoming mindful.
[    0.004000] AppArmor: AppArmor initialized
[    0.004000] Dentry cache hash table entries: 131072 (order: 8, 1048576 bytes)
[    0.004000] Inode-cache hash table entries: 65536 (order: 7, 524288 bytes)
[    0.004000] Mount-cache hash table entries: 2048 (order: 2, 16384 bytes)
[    0.004000] Mountpoint-cache hash table entries: 2048 (order: 2, 16384 bytes)
[    0.004000] Last level iTLB entries: 4KB 1024, 2MB 1024, 4MB 512
[    0.004000] Last level dTLB entries: 4KB 1536, 2MB 1536, 4MB 768, 1GB 0
[    0.004000] Spectre V1 : Mitigation: usercopy/swapgs barriers and __user pointer sanitization
[    0.004000] Spectre V2 : Spectre mitigation: LFENCE not serializing, switching to generic retpoline
[    0.004000] Spectre V2 : Mitigation: Full generic retpoline
[    0.004000] Spectre V2 : Spectre v2 / SpectreRSB mitigation: Filling RSB on context switch
[    0.004000] Speculative Store Bypass: Mitigation: Speculative Store Bypass disabled via prctl and seccomp
[    0.004000] Freeing SMP alternatives memory: 36K
[    0.128010] APIC calibration not consistent with PM-Timer: 112ms instead of 100ms
[    0.129148] APIC delta adjusted to PM-Timer: 6285194 (7039638)
[    0.130043] smpboot: CPU0: AMD Ryzen 5 1600X Six-Core Processor (family: 0x17, model: 0x1, stepping: 0x1)
[    0.131501] Performance Events: PMU not available due to virtualization, using software events only.
[    0.132000] Hierarchical SRCU implementation.
[    0.132000] NMI watchdog: Perf event create on CPU 0 failed with -2
[    0.132004] NMI watchdog: Perf NMI watchdog permanently disabled
[    0.132877] smp: Bringing up secondary CPUs ...
[    0.133584] x86: Booting SMP configuration:
[    0.134346] .... node  #0, CPUs:      #1
[    0.004000] kvm-clock: cpu 1, msr 0:3ff44041, secondary cpu clock
[    0.138834] smp: Brought up 1 node, 2 CPUs
[    0.138834] smpboot: Max logical packages: 1
[    0.138834] smpboot: Total of 2 processors activated (14373.00 BogoMIPS)
[    0.140141] devtmpfs: initialized
[    0.140538] x86/mm: Memory block size: 128MB
[    0.141711] evm: security.selinux
[    0.142179] evm: security.SMACK64
[    0.142691] evm: security.SMACK64EXEC
[    0.143189] evm: security.SMACK64TRANSMUTE
[    0.143713] evm: security.SMACK64MMAP
[    0.144004] evm: security.apparmor
[    0.144536] evm: security.ima
[    0.145060] evm: security.capability
[    0.145621] clocksource: jiffies: mask: 0xffffffff max_cycles: 0xffffffff, max_idle_ns: 7645041785100000 ns
[    0.145621] futex hash table entries: 512 (order: 3, 32768 bytes)
[    0.148003] pinctrl core: initialized pinctrl subsystem
[    0.148003] RTC time: 11:21:52, date: 08/03/20
[    0.148149] NET: Registered protocol family 16
[    0.148839] audit: initializing netlink subsys (disabled)
[    0.152022] audit: type=2000 audit(1596453717.714:1): state=initialized audit_enabled=0 res=1
[    0.153155] cpuidle: using governor ladder
[    0.153155] cpuidle: using governor menu
[    0.153155] ACPI: bus type PCI registered
[    0.153155] acpiphp: ACPI Hot Plug PCI Controller Driver version: 0.5
[    0.153753] PCI: Using configuration type 1 for base access
[    0.154651] PCI: Using configuration type 1 for extended access
[    0.160050] HugeTLB registered 2.00 MiB page size, pre-allocated 0 pages
[    0.161002] ACPI: Added _OSI(Module Device)
[    0.161002] ACPI: Added _OSI(Processor Device)
[    0.161002] ACPI: Added _OSI(3.0 _SCP Extensions)
[    0.161002] ACPI: Added _OSI(Processor Aggregator Device)
[    0.161386] ACPI: Added _OSI(Linux-Dell-Video)
[    0.162000] ACPI: Added _OSI(Linux-Lenovo-NV-HDMI-Audio)
[    0.162699] ACPI: Added _OSI(Linux-HPI-Hybrid-Graphics)
[    0.164099] ACPI: Executed 1 blocks of module-level executable AML code
[    0.167727] ACPI: Interpreter enabled
[    0.168000] ACPI: (supports S0 S5)
[    0.168003] ACPI: Using IOAPIC for interrupt routing
[    0.168870] PCI: Using host bridge windows from ACPI; if necessary, use "pci=nocrs" and report a bug
[    0.170188] ACPI: Enabled 2 GPEs in block 00 to 07
[    0.176981] ACPI: PCI Root Bridge [PCI0] (domain 0000 [bus 00-ff])
[    0.178029] acpi PNP0A03:00: _OSC: OS supports [ExtendedConfig ASPM ClockPM Segments MSI]
[    0.180000] acpi PNP0A03:00: _OSC: platform does not support [PCIeCapability]
[    0.180449] acpi PNP0A03:00: _OSC: not requesting control; platform does not support [PCIeCapability]
[    0.181661] acpi PNP0A03:00: _OSC: OS requested [PCIeHotplug PME AER PCIeCapability]
[    0.182706] acpi PNP0A03:00: _OSC: platform willing to grant [PCIeHotplug PME AER]
[    0.184003] acpi PNP0A03:00: _OSC failed (AE_SUPPORT); disabling ASPM
[    0.185240] PCI host bridge to bus 0000:00
[    0.186270] pci_bus 0000:00: root bus resource [io  0x0000-0x0cf7 window]
[    0.187184] pci_bus 0000:00: root bus resource [io  0x0d00-0xffff window]
[    0.188006] pci_bus 0000:00: root bus resource [mem 0x000a0000-0x000bffff window]
[    0.189126] pci_bus 0000:00: root bus resource [mem 0x40000000-0xfdffffff window]
[    0.190175] pci_bus 0000:00: root bus resource [bus 00-ff]
[    0.193794] pci 0000:00:01.1: legacy IDE quirk: reg 0x10: [io  0x01f0-0x01f7]
[    0.194793] pci 0000:00:01.1: legacy IDE quirk: reg 0x14: [io  0x03f6]
[    0.195671] pci 0000:00:01.1: legacy IDE quirk: reg 0x18: [io  0x0170-0x0177]
[    0.196005] pci 0000:00:01.1: legacy IDE quirk: reg 0x1c: [io  0x0376]
[    0.214658] pci 0000:00:07.0: quirk: [io  0x4000-0x403f] claimed by PIIX4 ACPI
[    0.215693] pci 0000:00:07.0: quirk: [io  0x4100-0x410f] claimed by PIIX4 SMB
[    0.228037] ACPI: PCI Interrupt Link [LNKA] (IRQs 5 9 10 *11)
[    0.229176] ACPI: PCI Interrupt Link [LNKB] (IRQs 5 9 *10 11)
[    0.230090] ACPI: PCI Interrupt Link [LNKC] (IRQs 5 *9 10 11)
[    0.230968] ACPI: PCI Interrupt Link [LNKD] (IRQs 5 9 10 *11)
[    0.232480] SCSI subsystem initialized
[    0.236046] pci 0000:00:02.0: vgaarb: setting as boot VGA device
[    0.236874] pci 0000:00:02.0: vgaarb: VGA device added: decodes=io+mem,owns=io+mem,locks=none
[    0.237980] pci 0000:00:02.0: vgaarb: bridge control possible
[    0.238739] vgaarb: loaded
[    0.239156] ACPI: bus type USB registered
[    0.239729] usbcore: registered new interface driver usbfs
[    0.240012] usbcore: registered new interface driver hub
[    0.240831] usbcore: registered new device driver usb
[    0.241696] EDAC MC: Ver: 3.0.0
[    0.241696] PCI: Using ACPI for IRQ routing
[    0.244017] NetLabel: Initializing
[    0.244017] NetLabel:  domain hash size = 128
[    0.244017] NetLabel:  protocols = UNLABELED CIPSOv4 CALIPSO
[    0.244017] NetLabel:  unlabeled traffic allowed by default
[    0.244106] clocksource: Switched to clocksource kvm-clock
[    0.257657] VFS: Disk quotas dquot_6.6.0
[    0.258322] VFS: Dquot-cache hash table entries: 512 (order 0, 4096 bytes)
[    0.259305] AppArmor: AppArmor Filesystem Enabled
[    0.259977] pnp: PnP ACPI init
[    0.261360] pnp: PnP ACPI: found 3 devices
[    0.270357] clocksource: acpi_pm: mask: 0xffffff max_cycles: 0xffffff, max_idle_ns: 2085701024 ns
[    0.271961] NET: Registered protocol family 2
[    0.272947] TCP established hash table entries: 8192 (order: 4, 65536 bytes)
[    0.273883] TCP bind hash table entries: 8192 (order: 5, 131072 bytes)
[    0.275786] TCP: Hash tables configured (established 8192 bind 8192)
[    0.276675] UDP hash table entries: 512 (order: 2, 16384 bytes)
[    0.277454] UDP-Lite hash table entries: 512 (order: 2, 16384 bytes)
[    0.278305] NET: Registered protocol family 1
[    0.278911] pci 0000:00:00.0: Limiting direct PCI/PCI transfers
[    0.279712] pci 0000:00:01.0: Activating ISA DMA hang workarounds
[    0.280603] pci 0000:00:02.0: Video device with shadowed ROM at [mem 0x000c0000-0x000dffff]
[    0.281783] Unpacking initramfs...
[    0.557444] Freeing initrd memory: 19204K
[    0.558487] clocksource: tsc: mask: 0xffffffffffffffff max_cycles: 0x33cb6cd4eba, max_idle_ns: 440795374140 ns
[    0.559921] platform rtc_cmos: registered platform RTC device (no PNP device found)
[    0.561106] Scanning for low memory corruption every 60 seconds
[    0.563077] Initialise system trusted keyrings
[    0.563769] Key type blacklist registered
[    0.564527] workingset: timestamp_bits=36 max_order=18 bucket_order=0
[    0.566144] zbud: loaded
[    0.567471] squashfs: version 4.0 (2009/01/31) Phillip Lougher
[    0.568554] fuse init (API version 7.26)
[    0.574440] Key type asymmetric registered
[    0.575196] Asymmetric key parser 'x509' registered
[    0.575963] Block layer SCSI generic (bsg) driver version 0.4 loaded (major 246)
[    0.577120] io scheduler noop registered
[    0.577636] io scheduler deadline registered
[    0.578226] io scheduler cfq registered (default)
[    0.579247] ACPI: AC Adapter [AC] (on-line)
[    0.579836] input: Power Button as /devices/LNXSYSTM:00/LNXPWRBN:00/input/input0
[    0.580959] ACPI: Power Button [PWRF]
[    0.581654] input: Sleep Button as /devices/LNXSYSTM:00/LNXSLPBN:00/input/input1
[    0.583272] ACPI: Sleep Button [SLPF]
[    0.584660] Serial: 8250/16550 driver, 32 ports, IRQ sharing enabled
[    0.606222] 00:02: ttyS0 at I/O 0x3f8 (irq = 4, base_baud = 115200) is a 16550A
[    0.610386] Linux agpgart interface v0.103
[    0.613252] loop: module loaded
[    0.614339] scsi host0: ata_piix
[    0.614937] scsi host1: ata_piix
[    0.615418] ata1: PATA max UDMA/33 cmd 0x1f0 ctl 0x3f6 bmdma 0xd000 irq 14
[    0.616436] ata2: PATA max UDMA/33 cmd 0x170 ctl 0x376 bmdma 0xd008 irq 15
[    0.617657] libphy: Fixed MDIO Bus: probed
[    0.618365] tun: Universal TUN/TAP device driver, 1.6
[    0.619096] PPP generic driver version 2.4.2
[    0.619832] ehci_hcd: USB 2.0 'Enhanced' Host Controller (EHCI) Driver
[    0.620877] ehci-pci: EHCI PCI platform driver
[    0.621743] ehci-platform: EHCI generic platform driver
[    0.623434] ohci_hcd: USB 1.1 'Open' Host Controller (OHCI) Driver
[    0.624310] ohci-pci: OHCI PCI platform driver
[    0.625040] ohci-platform: OHCI generic platform driver
[    0.625750] uhci_hcd: USB Universal Host Controller Interface driver
[    0.626669] i8042: PNP: PS/2 Controller [PNP0303:PS2K,PNP0f03:PS2M] at 0x60,0x64 irq 1,12
[    0.628173] serio: i8042 KBD port at 0x60,0x64 irq 1
[    0.628910] serio: i8042 AUX port at 0x60,0x64 irq 12
[    0.629778] mousedev: PS/2 mouse device common for all mice
[    0.631094] input: AT Translated Set 2 keyboard as /devices/platform/i8042/serio0/input/input2
[    0.632432] rtc_cmos rtc_cmos: rtc core: registered rtc_cmos as rtc0
[    0.633607] rtc_cmos rtc_cmos: alarms up to one day, 114 bytes nvram
[    0.634453] i2c /dev entries driver
[    0.635035] device-mapper: uevent: version 1.0.3
[    0.635777] device-mapper: ioctl: 4.37.0-ioctl (2017-09-20) initialised: dm-devel@redhat.com
[    0.636964] ledtrig-cpu: registered to indicate activity on CPUs
[    0.638286] NET: Registered protocol family 10
[    0.642761] Segment Routing with IPv6
[    0.643377] NET: Registered protocol family 17
[    0.644512] Key type dns_resolver registered
[    0.645370] mce: Using 0 MCE banks
[    0.645967] RAS: Correctable Errors collector initialized.
[    0.647117] sched_clock: Marking stable (645324678, 0)->(781927778, -136603100)
[    0.648959] registered taskstats version 1
[    0.649564] Loading compiled-in X.509 certificates
[    0.652359] Loaded X.509 cert 'Build time autogenerated kernel key: b1772ce3e036cbf6bf2b7e9ed9be0f8806d61091'
[    0.653787] zswap: loaded using pool lzo/zbud
[    0.658387] Key type big_key registered
[    0.659087] Key type trusted registered
[    0.661293] Key type encrypted registered
[    0.661844] AppArmor: AppArmor sha1 policy hashing enabled
[    0.662748] ima: No TPM chip found, activating TPM-bypass! (rc=-19)
[    0.663742] ima: Allocated hash algorithm: sha1
[    0.664427] evm: HMAC attrs: 0x1
[    0.665264]   Magic number: 0:226:377
[    0.665864] acpi PNP0700:00: hash matches
[    0.666603] rtc_cmos rtc_cmos: setting system clock to 2020-08-03 11:21:53 UTC (1596453713)
[    0.667865] BIOS EDD facility v0.16 2004-Jun-25, 0 devices found
[    0.668706] EDD information not available.
[    0.801636] Freeing unused kernel image memory: 2436K
[    0.812595] Write protecting the kernel read-only data: 20480k
[    0.814107] Freeing unused kernel image memory: 2008K
[    0.815203] Freeing unused kernel image memory: 1872K
[    0.824718] x86/mm: Checked W+X mappings: passed, no W+X pages found.
Loading, please wait...
starting version 237
[    0.893616] e1000: Intel(R) PRO/1000 Network Driver - version 7.3.21-k8-NAPI
[    0.894933] e1000: Copyright (c) 1999-2006 Intel Corporation.
[    0.898840] Fusion MPT base driver 3.04.20
[    0.899815] Copyright (c) 1999-2008 LSI Corporation
[    0.906160] Fusion MPT SPI Host driver 3.04.20
[    0.915366] AVX2 version of gcm_enc/dec engaged.
[    0.916397] AES CTR mode by8 optimization enabled
[    1.128700] input: ImExPS/2 Generic Explorer Mouse as /devices/platform/i8042/serio1/input/input4
[    1.263802] e1000 0000:00:03.0 eth0: (PCI:33MHz:32-bit) 02:fc:38:2c:42:7e
[    1.264849] e1000 0000:00:03.0 eth0: Intel(R) PRO/1000 Network Connection
[    1.266536] mptbase: ioc0: Initiating bringup
[    2.473284] ioc0: LSI53C1030 A0: Capabilities={Initiator}
[    2.738213] scsi host2: ioc0: LSI53C1030 A0, FwRev=00000000h, Ports=1, MaxQ=256, IRQ=20
[    2.904995] scsi 2:0:0:0: Direct-Access     VBOX     HARDDISK         1.0  PQ: 0 ANSI: 5
[    2.946289] scsi target2:0:0: Beginning Domain Validation
[    2.947855] scsi target2:0:0: Domain Validation skipping write tests
[    2.948653] scsi target2:0:0: Ending Domain Validation
[    2.949369] scsi target2:0:0: asynchronous
[    2.950213] scsi 2:0:1:0: Direct-Access     VBOX     HARDDISK         1.0  PQ: 0 ANSI: 5
[    3.249251] scsi target2:0:1: Beginning Domain Validation
[    3.250711] random: fast init done
[    3.251273] scsi target2:0:1: Domain Validation skipping write tests
[    3.252101] scsi target2:0:1: Ending Domain Validation
[    3.252864] scsi target2:0:1: asynchronous
[    3.256980] random: systemd-udevd: uninitialized urandom read (16 bytes read)
[    3.257240] sd 2:0:0:0: [sda] 20971520 512-byte logical blocks: (10.7 GB/10.0 GiB)
[    3.258111] random: systemd-udevd: uninitialized urandom read (16 bytes read)
[    3.259263] sd 2:0:0:0: [sda] Write Protect is off
[    3.260145] random: systemd-udevd: uninitialized urandom read (16 bytes read)
[    3.261894] sd 2:0:0:0: Attached scsi generic sg0 type 0
[    3.262887] sd 2:0:0:0: [sda] Incomplete mode parameter data
[    3.262893] sd 2:0:1:0: Attached scsi generic sg1 type 0
[    3.264142] sd 2:0:0:0: [sda] Assuming drive cache: write through
[    3.266224] sd 2:0:1:0: [sdb] 20480 512-byte logical blocks: (10.5 MB/10.0 MiB)
[    3.267406] sd 2:0:1:0: [sdb] Write Protect is off
[    3.268099]  sda: sda1
[    3.268693] sd 2:0:1:0: [sdb] Incomplete mode parameter data
[    3.269463] sd 2:0:1:0: [sdb] Assuming drive cache: write through
[    3.271372] sd 2:0:0:0: [sda] Attached SCSI disk
[    3.273225] sd 2:0:1:0: [sdb] Attached SCSI disk
[    3.281909] e1000 0000:00:08.0 eth1: (PCI:33MHz:32-bit) 08:00:27:69:4e:1f
[    3.283144] e1000 0000:00:08.0 eth1: Intel(R) PRO/1000 Network Connection
[    3.285835] e1000 0000:00:03.0 enp0s3: renamed from eth0
[    3.297136] e1000 0000:00:08.0 enp0s8: renamed from eth1
Begin: Loading essential drivers ... [    4.720961] raid6: sse2x1   gen()  7377 MB/s
[    4.768822] raid6: sse2x1   xor()  7208 MB/s
[    4.816684] raid6: sse2x2   gen() 15385 MB/s
[    4.865540] raid6: sse2x2   xor() 10270 MB/s
[    4.912492] raid6: sse2x4   gen() 16032 MB/s
[    4.961345] raid6: sse2x4   xor()  8443 MB/s
[    5.008236] raid6: avx2x1   gen() 16210 MB/s
[    5.056082] raid6: avx2x1   xor() 12795 MB/s
[    5.105918] raid6: avx2x2   gen() 22156 MB/s
[    5.152440] raid6: avx2x2   xor() 13497 MB/s
[    5.200413] raid6: avx2x4   gen() 21140 MB/s
[    5.248192] raid6: avx2x4   xor()  9368 MB/s
[    5.248907] raid6: using algorithm avx2x2 gen() 22156 MB/s
[    5.249628] raid6: .... xor() 13497 MB/s, rmw enabled
[    5.250300] raid6: using avx2x2 recovery algorithm
[    5.251892] xor: automatically using best checksumming function   avx       
[    5.253767] async_tx: api initialized (async)
done.
Begin: Running /scripts/init-premount ... done.
Begin: Mounting root file system ... Begin: Running /scripts/local-top ... done.
Begin: Running /scripts/local-premount ... [    5.296350] Btrfs loaded, crc32c=crc32c-intel
Scanning for Btrfs filesystems
done.
Warning: fsck not present, so skipping root file system
[    5.321143] EXT4-fs (sda1): mounted filesystem with ordered data mode. Opts: (null)
done.
Begin: Running /scripts/local-bottom ... done.
Begin: Running /scripts/init-bottom ... done.
[    5.464451] ip_tables: (C) 2000-2006 Netfilter Core Team
[    5.473855] systemd[1]: systemd 237 running in system mode. (+PAM +AUDIT +SELINUX +IMA +APPARMOR +SMACK +SYSVINIT +UTMP +LIBCRYPTSETUP +GCRYPT +GNUTLS +ACL +XZ +LZ4 +SECCOMP +BLKID +ELFUTILS +KMOD -IDN2 +IDN -PCRE2 default-hierarchy=hybrid)
[    5.477630] systemd[1]: Detected virtualization oracle.
[    5.478427] systemd[1]: Detected architecture x86-64.

Welcome to [1mUbuntu 18.04.4 LTS[0m!

[    5.484966] systemd[1]: Set hostname to <ubuntu>.
[    5.489071] systemd[1]: Initializing machine ID from random generator.
[    5.490101] systemd[1]: Installed transient /etc/machine-id file.
[    5.748644] systemd[1]: Created slice System Slice.
[[0;32m  OK  [0m] Created slice System Slice.
[    5.749708] systemd[1]: Listening on Syslog Socket.
[[0;32m  OK  [0m] Listening on Syslog Socket.
[    5.763369] systemd[1]: Listening on LVM2 poll daemon socket.
[[0;32m  OK  [0m] Listening on LVM2 poll daemon socket.
[    5.765183] systemd[1]: Listening on Journal Socket.
[[0;32m  OK  [0m] Listening on Journal Socket.
         Starting Set the console keyboard layout...
         Starting Create list of required stâ€¦ce nodes for the current kernel...
         Mounting Kernel Debug File System...
[[0;32m  OK  [0m] Listening on Journal Audit Socket.
[[0;32m  OK  [0m] Reached target User and Group Name Lookups.
         Mounting POSIX Message Queue File System...
[[0;32m  OK  [0m] Listening on LVM2 metadata daemon socket.
[[0;32m  OK  [0m] Listening on Journal Socket (/dev/log).
         Starting Journal Service...
[[0;32m  OK  [0m] Created slice system-serial\x2dgetty.slice.
[[0;32m  OK  [0m] Listening on /dev/initctl Compatibility Named Pipe.
[[0;32m  OK  [0m] Reached target Swap.
[[0;32m  OK  [0m] Listening on Network Service Netlink Socket.
         Mounting Huge Pages File System...
[[0;32m  OK  [0m] Reached target System Time Synchronized.
[[0;32m  OK  [0m] Started Forward Password Requests to Wall Directory Watch.
         Starting Remount Root and Kernel File Systems...
[[0;32m  OK  [0m] Set up automount Arbitrary Executabâ€¦rmats File System Automount Point.
[[0;32m  OK  [0m] Listening on udev Control Socket.
[[0;32m  OK  [0m] Listening on Device-mapper event daemon FIFOs.
         Starting Monitoring of LVM2 mirrorsâ€¦ng dmeventd or progress polling...
[[0;32m  OK  [0m] Listening on udev Kernel Socket.
         Starting udev Coldplug all Devices...
         Starting Uncomplicated firewall...
[    5.886461] EXT4-fs (sda1): re-mounted. Opts: (null)
         Starting Load Kernel Modules...
[[0;32m  OK  [0m] Created slice User and Session Slice.
[[0;32m  OK  [0m] Reached target Slices.
[[0;32m  OK  [0m] Started Journal Service.
[[0;32m  OK  [0m] Started Create list of required staâ€¦vice nodes for the current kernel.
[[0;32m  OK  [0m] Mounted Kernel Debug File System.
[[0;32m  OK  [0m] Mounted POSIX Message Queue File System.
[[0;32m  OK  [0m] Mounted Huge Pages File System.
[[0;32m  OK  [0m] Started Remount Root and Kernel File Systems.
[[0;32m  OK  [0m] Started Uncomplicated firewall.
[[0;32m  OK  [0m] Started LVM2 metadata daemon.
         Starting Load/Save Random Seed...
         Starting Create Static Device Nodes in /dev...
         Starting Flush Journal to Persistent Storage...
[    5.959105] Loading iSCSI transport class v2.0-870.
[    5.964814] iscsi: registered transport (tcp)
[[0;32m  OK  [0m] Started udev Coldplug all Devices.
[    5.981982] iscsi: registered transport (iser)
[[0;32m  OK  [0m] Started Load Kernel Modules.
         Mounting Kernel Configuration File System...
         Mounting FUSE Control File System...
         Starting Apply Kernel Variables...
[[0;32m  OK  [0m] Started Load/Save Random Seed.
[[0;32m  OK  [0m] Mounted Kernel Configuration File System.
[[0;32m  OK  [0m] Started Monitoring of LVM2 mirrors,â€¦sing dmeventd or progress polling.
[[0;32m  OK  [0m] Mounted FUSE Control File System.
[    6.024817] systemd-journald[393]: Received request to flush runtime journal from PID 1
[[0;32m  OK  [0m] Started Apply Kernel Variables.
[[0;32m  OK  [0m] Started Create Static Device Nodes in /dev.
         Starting udev Kernel Device Manager...
[[0;32m  OK  [0m] Started Flush Journal to Persistent Storage.
[[0;32m  OK  [0m] Started udev Kernel Device Manager.
[[0;32m  OK  [0m] Found device /dev/ttyS0.
[[0;32m  OK  [0m] Listening on Load/Save RF Kill Switch Status /dev/rfkill Watch.
[[0;32m  OK  [0m] Started Set the console keyboard layout.
[[0;32m  OK  [0m] Started Dispatch Password Requests to Console Directory Watch.
[[0;32m  OK  [0m] Reached target Local Encrypted Volumes.
[[0;32m  OK  [0m] Reached target Local File Systems (Pre).
[[0;32m  OK  [0m] Reached target Local File Systems.
         Starting Set console font and keymap...
         Starting AppArmor initialization...
         Starting Create Volatile Files and Directories...
         Starting Commit a transient machine-id on disk...
         Starting ebtables ruleset management...
         Starting Tell Plymouth To Write Out Runtime Data...
[[0;32m  OK  [0m] Started Create Volatile Files and Directories.
         Starting Update UTMP about System Boot/Shutdown...
[[0;32m  OK  [0m] Started Tell Plymouth To Write Out Runtime Data.
[[0;32m  OK  [0m] Started Update UTMP about System Boot/Shutdown.
[[0;32m  OK  [0m] Started Commit a transient machine-id on disk.
[[0;32m  OK  [0m] Started ebtables ruleset management.
[[0;32m  OK  [0m] Started AppArmor initialization.
         Starting Initial cloud-init job (pre-networking)...
[[0;32m  OK  [0m] Started Set console font and keymap.
[    8.677893] cloud-init[803]: Cloud-init v. 19.4-33-gbb4131a2-0ubuntu1~18.04.1 running 'init-local' at Mon, 03 Aug 2020 11:22:01 +0000. Up 8.32 seconds.
[[0;32m  OK  [0m] Started Initial cloud-init job (pre-networking).
[[0;32m  OK  [0m] Reached target Network (Pre).
         Starting Network Service...
[[0;32m  OK  [0m] Started Network Service.
         Starting Wait for Network to be Configured...
         Starting Network Name Resolution...
[[0;32m  OK  [0m] Started Network Name Resolution.
[[0;32m  OK  [0m] Reached target Host and Network Name Lookups.
[[0;32m  OK  [0m] Reached target Network.
[[0;32m  OK  [0m] Started Wait for Network to be Configured.
         Starting Initial cloud-init job (metadata service crawler)...
[   10.980130] cloud-init[931]: Cloud-init v. 19.4-33-gbb4131a2-0ubuntu1~18.04.1 running 'init' at Mon, 03 Aug 2020 11:22:03 +0000. Up 10.82 seconds.
[   10.982119] cloud-init[931]: ci-info: ++++++++++++++++++++++++++++++++++++++Net device info+++++++++++++++++++++++++++++++++++++++
[   10.983596] cloud-init[931]: ci-info: +--------+-------+----------------------------+---------------+--------+-------------------+
[   10.985355] cloud-init[931]: ci-info: | Device |   Up  |          Address           |      Mask     | Scope  |     Hw-Address    |
[   10.986926] cloud-init[931]: ci-info: +--------+-------+----------------------------+---------------+--------+-------------------+
[   10.988241] cloud-init[931]: ci-info: | enp0s3 |  True |         10.0.2.15          | 255.255.255.0 | global | 02:fc:38:2c:42:7e |
[   10.992720] cloud-init[931]: ci-info: | enp0s3 |  True | fe80::fc:38ff:fe2c:427e/64 |       .       |  link  | 02:fc:38:2c:42:7e |
[   10.993933] cloud-init[931]: ci-info: | enp0s8 | False |             .              |       .       |   .    | 08:00:27:69:4e:1f |
[   10.995172] cloud-init[931]: ci-info: |   lo   |  True |         127.0.0.1          |   255.0.0.0   |  host  |         .         |
[   10.996456] cloud-init[931]: ci-info: |   lo   |  True |          ::1/128           |       .       |  host  |         .         |
[   10.997451] cloud-init[931]: ci-info: +--------+-------+----------------------------+---------------+--------+-------------------+
[   10.998446] cloud-init[931]: ci-info: ++++++++++++++++++++++++++++Route IPv4 info+++++++++++++++++++++++++++++
[   10.999345] cloud-init[931]: ci-info: +-------+-------------+----------+-----------------+-----------+-------+
[   11.000340] cloud-init[931]: ci-info: | Route | Destination | Gateway  |     Genmask     | Interface | Flags |
[   11.001145] cloud-init[931]: ci-info: +-------+-------------+----------+-----------------+-----------+-------+
[   11.001970] cloud-init[931]: ci-info: |   0   |   0.0.0.0   | 10.0.2.2 |     0.0.0.0     |   enp0s3  |   UG  |
[   11.002767] cloud-init[931]: ci-info: |   1   |   10.0.2.0  | 0.0.0.0  |  255.255.255.0  |   enp0s3  |   U   |
[   11.003620] cloud-init[931]: ci-info: |   2   |   10.0.2.2  | 0.0.0.0  | 255.255.255.255 |   enp0s3  |   UH  |
[   11.004493] cloud-init[931]: ci-info: +-------+-------------+----------+-----------------+-----------+-------+
[   11.005396] cloud-init[931]: ci-info: +++++++++++++++++++Route IPv6 info+++++++++++++++++++
[   11.006175] cloud-init[931]: ci-info: +-------+-------------+---------+-----------+-------+
[   11.006913] cloud-init[931]: ci-info: | Route | Destination | Gateway | Interface | Flags |
[   11.007683] cloud-init[931]: ci-info: +-------+-------------+---------+-----------+-------+
[   11.008471] cloud-init[931]: ci-info: |   1   |  fe80::/64  |    ::   |   enp0s3  |   U   |
[   11.009252] cloud-init[931]: ci-info: |   3   |    local    |    ::   |   enp0s3  |   U   |
[   11.009975] cloud-init[931]: ci-info: |   4   |   ff00::/8  |    ::   |   enp0s3  |   U   |
[   11.010847] cloud-init[931]: ci-info: +-------+-------------+---------+-----------+-------+
[   11.645698] cloud-init[931]: Generating public/private rsa key pair.
[   11.646434] cloud-init[931]: Your identification has been saved in /etc/ssh/ssh_host_rsa_key.
[   11.647231] cloud-init[931]: Your public key has been saved in /etc/ssh/ssh_host_rsa_key.pub.
[   11.648198] cloud-init[931]: The key fingerprint is:
[   11.648727] cloud-init[931]: SHA256:dtHHkoIsG9fZnQtsgRjZCfUaZATwXr+xIqWUMI/23+8 root@ubuntu-bionic
[   11.649538] cloud-init[931]: The key's randomart image is:
[   11.650070] cloud-init[931]: +---[RSA 2048]----+
[   11.650542] cloud-init[931]: |      ..+X=o.    |
[   11.651091] cloud-init[931]: |       oo=+* = . |
[   11.651630] cloud-init[931]: |      = = B X =  |
[   11.652157] cloud-init[931]: |       @ o B + . |
[   11.652582] cloud-init[931]: |      + S + o .  |
[   11.653064] cloud-init[931]: |     . + +   +   |
[   11.653548] cloud-init[931]: |        + . o    |
[   11.654012] cloud-init[931]: |         o o     |
[   11.654512] cloud-init[931]: |          . .oE  |
[   11.664944] cloud-init[931]: +----[SHA256]-----+
[   11.665920] cloud-init[931]: Generating public/private dsa key pair.
[   11.666704] cloud-init[931]: Your identification has been saved in /etc/ssh/ssh_host_dsa_key.
[   11.676650] cloud-init[931]: Your public key has been saved in /etc/ssh/ssh_host_dsa_key.pub.
[   11.689874] cloud-init[931]: The key fingerprint is:
[   11.696762] cloud-init[931]: SHA256:9Ly+8Y+JYi4h3p5iJWcW1Xrrnuw2cLdJFe8GrLdSpuA root@ubuntu-bionic
[   11.699724] cloud-init[931]: The key's randomart image is:
[   11.701241] cloud-init[931]: +---[DSA 1024]----+
[   11.703021] cloud-init[931]: |         .       |
[   11.704969] cloud-init[931]: |        . .   .  |
[   11.705404] cloud-init[931]: |       ...   . o |
[   11.706837] cloud-init[931]: |      ...o.   + .|
[   11.707631] cloud-init[931]: |       .S.o. o o |
[   11.708061] cloud-init[931]: |    o * . +.+ + o|
[   11.708509] cloud-init[931]: |   . O . =o+ B o |
[   11.709101] cloud-init[931]: |    + o.ooE==o.  |
[   11.709598] cloud-init[931]: |   . oo+.=Oo+o.  |
[   11.710055] cloud-init[931]: +----[SHA256]-----+
[   11.710495] cloud-init[931]: Generating public/private ecdsa key pair.
[   11.711086] cloud-init[931]: Your identification has been saved in /etc/ssh/ssh_host_ecdsa_key.
[   11.711899] cloud-init[931]: Your public key has been saved in /etc/ssh/ssh_host_ecdsa_key.pub.
[   11.712824] cloud-init[931]: The key fingerprint is:
[   11.713355] cloud-init[931]: SHA256:ViXo9C0g7ODRO5jfXBWJ4pib9g5amboVEpZ/+8iGtNI root@ubuntu-bionic
[   11.714051] cloud-init[931]: The key's randomart image is:
[   11.729022] cloud-init[931]: +---[ECDSA 256]---+
[   11.740410] cloud-init[931]: |     o   ...oo   |
[   11.741197] cloud-init[931]: |    o.+ = .oo    |
[   11.741614] cloud-init[931]: |   .+* O +.o     |
[   11.742066] cloud-init[931]: |   .+o* o.+ .    |
[   11.742421] cloud-init[931]: |    ..o*S. .     |
[   11.742916] cloud-init[931]: |     .**o.       |
[   11.743365] cloud-init[931]: |     +*+.        |
[   11.743803] cloud-init[931]: |    .=Eooo       |
[   11.744355] cloud-init[931]: |    +o o+ .      |
[[0;32m  OK  [0m] Started Initial cloud-init job (metadata service crawler).
[   11.757548] cloud-init[931]: [[0;32m  OK  [0m] Reached target Network is Online.
+----[SHA256]-----+
[   11.758716] cloud-init[931]: Generating public/private ed25519 key pair.
[   11.759372] cloud-init         Starting Availability of block devices...
[[0;32m  OK  [0m] Reached target Remote File Systems (Pre).
[931]: Your identification has been saved in /etc/ssh/ssh_host_ed25519_key.
[[0;32m  OK  [0m] Reached target Remote File Systems.
[[0;32m  OK  [0m] Reached target Cloud-config availability.
[[0;32m  OK  [0m] Reached target System Initialization.
[   11.762046] cloud-init[931]: Your public key has been saved in /etc/ssh/ssh_host_ed25519_key.pub.
[   11.763113] cloud-init[931]: The key fingerprint is:         Starting LXD - unix socket.
[[0;32m  OK  [0m] Listening on ACPID Listen Socket.
         Starting Socket activation for snappy daemon.
[[0;32m  OK  [0m] Started Daily Cleanup of Temporary Directories.
[[0;32m  OK  [0m] Listening on D-Bus System Message Bus Socket.
[[0;32m  OK  [0m] Started Discard unused blocks once a week.
[[0;32m  OK  [0m] Started ACPI Events Check.
[[0;32m  OK  [0m] Reached target Paths.
[[0;32m  OK  [0m] Listening on UUID daemon activation socket.
[[0;32m  OK  [0m] Listening on Open-iSCSI iscsid Socket.
[[0;32m  OK  [0m] Started Daily apt download activities.
[[0;32m  OK  [0m] Started Daily apt upgrade and clean activities.
[[0;32m  OK  [0m] Started Message of the Day.
[[0;32m  OK  [0m] Reached target Timers.

[[0;32m  OK  [0m] Listening on LXD - unix socket.
[[0;32m  OK  [0m] Listening on Socket activation for snappy daemon.
[[0;32m  OK  [0m] Reached target Sockets.
[[0;32m  OK  [0m] Reached target Basic System.
[   11.774884] cloud-init[931]: SHA256:+k4Vs53hsvAzDS8SPX1aH+rLPqHEHjctEerxN1E1OT4 root@ubuntu-bionic
         Starting Permit User Sessions...
         Starting System Logging Service...
[   11.779479] cloud-init[931]: The key's randomart image is:
[   11.785576] cloud-init[931]: +--[ED25519 256]--+
[   11.786518] cloud-init[931]: |               .+|
[   11.787217] cloud-init[931]: |             . oo|
[   11.787918] cloud-init[931]: |          o o o o|
[   11.788653] cloud-init[931]: |         . X + E |
[   11.789756] cloud-init[931]: |        S X B =.o|
[   11.790875] cloud-init[931]: |       . = % X.=.|
[   11.791976] cloud-init[931]: |      . o O B.= o|
[   11.792660] cloud-init[931]: |       o . *o.   |
[   11.793678] cloud-init[931]: |       .o   .=o  |
[   11.795293] cloud-init[931]: +----[SHA256]-----+
         Starting Dispatcher daemon for systemd-networkd...
         Starting LXD - container startup/shutdown...
         Starting Login Service...
         Starting LSB: Record successful boot for GRUB...
[[0;32m  OK  [0m] Started FUSE filesystem for LXC.
[[0;32m  OK  [0m] Started D-Bus System Message Bus.
[[0;32m  OK  [0m] Started Regular background program processing daemon.
[[0;32m  OK  [0m] Started irqbalance daemon.
         Starting Pollinate to seed the pseudo random number generator...
         Starting Snappy daemon...
[[0;32m  OK  [0m] Started Deferred execution scheduler.
         Starting Accounts Service...
         Starting LSB: automatic crash report generation...
         Starting Virtualbox guest utils...
[[0;32m  OK  [0m] Started System Logging Service.
[[0;32m  OK  [0m] Started Availability of block devices.
[[0;32m  OK  [0m] Started Permit User Sessions.
[[0;32m  OK  [0m] Started LXD - container startup/shutdown.
[[0;32m  OK  [0m] Started Login Service.
[[0;32m  OK  [0m] Started Unattended Upgrades Shutdown.
         Starting Hold until boot process finishes up...
         Starting Terminate Plymouth Boot Screen...
[[0;32m  OK  [0m] Started Hold until boot process finishes up.
[[0;32m  OK  [0m] Started Terminate Plymouth Boot Screen.
[[0;32m  OK  [0m] Started Serial Getty on ttyS0.
         Starting Set console scheme...
[[0;32m  OK  [0m] Started LSB: automatic crash report generation.
[[0;32m  OK  [0m] Started LSB: Record successful boot for GRUB.
[[0;32m  OK  [0m] Started Set console scheme.
[[0;32m  OK  [0m] Created slice system-getty.slice.
[[0;32m  OK  [0m] Started Getty on tty1.
[[0;32m  OK  [0m] Reached target Login Prompts.
[[0;32m  OK  [0m] Started Virtualbox guest utils.
         Starting Authorization Manager...
[[0;32m  OK  [0m] Started Dispatcher daemon for systemd-networkd.
[[0;32m  OK  [0m] Started Authorization Manager.
[[0;32m  OK  [0m] Started Accounts Service.
[[0;32m  OK  [0m] Started Snappy daemon.
         Starting Wait until snapd is fully seeded...
[[0;32m  OK  [0m] Started Pollinate to seed the pseudo random number generator.
         Starting OpenBSD Secure Shell server...
[[0;32m  OK  [0m] Started OpenBSD Secure Shell server.
[[0;32m  OK  [0m] Created slice User Slice of vagrant.
         Starting User Manager for UID 1000...
[[0;32m  OK  [0m] Started Session 1 of user vagrant.
[[0;32m  OK  [0m] Started User Manager for UID 1000.
[[0;32m  OK  [0m] Started Wait until snapd is fully seeded.
[[0;32m  OK  [0m] Reached target Multi-User System.
[[0;32m  OK  [0m] Reached target Graphical Interface.
         Starting Update UTMP about System Runlevel Changes...
         Starting Apply the settings specified in cloud-config...
[[0;32m  OK  [0m] Started Update UTMP about System Runlevel Changes.
[   14.877186] cloud-init[1497]: Cloud-init v. 19.4-33-gbb4131a2-0ubuntu1~18.04.1 running 'modules:config' at Mon, 03 Aug 2020 11:22:07 +0000. Up 14.20 seconds.
[[0;32m  OK  [0m] Started Apply the settings specified in cloud-config.
         Starting Execute cloud user/final scripts...
ci-info: no authorized SSH keys fingerprints found for user ubuntu.
<14>Aug  3 11:22:08 ec2: 
<14>Aug  3 11:22:08 ec2: #############################################################
<14>Aug  3 11:22:08 ec2: -----BEGIN SSH HOST KEY FINGERPRINTS-----
<14>Aug  3 11:22:08 ec2: 1024 SHA256:9Ly+8Y+JYi4h3p5iJWcW1Xrrnuw2cLdJFe8GrLdSpuA root@ubuntu-bionic (DSA)
<14>Aug  3 11:22:08 ec2: 256 SHA256:ViXo9C0g7ODRO5jfXBWJ4pib9g5amboVEpZ/+8iGtNI root@ubuntu-bionic (ECDSA)
<14>Aug  3 11:22:08 ec2: 256 SHA256:+k4Vs53hsvAzDS8SPX1aH+rLPqHEHjctEerxN1E1OT4 root@ubuntu-bionic (ED25519)
<14>Aug  3 11:22:08 ec2: 2048 SHA256:dtHHkoIsG9fZnQtsgRjZCfUaZATwXr+xIqWUMI/23+8 root@ubuntu-bionic (RSA)
<14>Aug  3 11:22:08 ec2: -----END SSH HOST KEY FINGERPRINTS-----
<14>Aug  3 11:22:08 ec2: #############################################################
-----BEGIN SSH HOST KEY KEYS-----
ecdsa-sha2-nistp256 AAAAE2VjZHNhLXNoYTItbmlzdHAyNTYAAAAIbmlzdHAyNTYAAABBBIHkZ3hVYgIV0D4AryWl2pa8ZtWmGwxdwhKhCINHLKzJgTbi76swLhBnRD6YbwBg3kK8v1GapZszFVOtfKVuEYo= root@ubuntu-bionic
ssh-ed25519 AAAAC3NzaC1lZDI1NTE5AAAAIJp73rZ1qHvfEgafYydcQ1TtV2ZusrJ0QAx3VygmJI6N root@ubuntu-bionic
ssh-rsa AAAAB3NzaC1yc2EAAAADAQABAAABAQCWSaEvkiosgLB+EsO+iIv0TFMB9R13gzmzLlVVSI4jobTpQXbjxFN78dsW97tf/Yhoy5ZY8o6sMzcKoggut0jVO3vIRQmVjyvj5rJfcg+K2oelyraHVgHMmaGBvh/rGiL33/5AYORGIh277UM3TmLKmfAh5R7IhaU7prWo7vL7R+5iJhWOd1ViaU7b2t5j00ZA8+1fxwNOTfeNTAZ7PM0Q+KOmphbBwzpICx25ZQ06yYwGT8zPh8noqvwqlyLitav9yyOyI42TgNFVD6Sur+dE2HS1SMUujK2vZ8QuzB5+oVSme8bGrPVSn6/SsWA/TjNNyQWNH52uVAUIKI04ginv root@ubuntu-bionic
-----END SSH HOST KEY KEYS-----
[   15.626173] cloud-init[1607]: Cloud-init v. 19.4-33-gbb4131a2-0ubuntu1~18.04.1 running 'modules:final' at Mon, 03 Aug 2020 11:22:08 +0000. Up 15.48 seconds.
[   15.627377] cloud-init[1607]: ci-info: no authorized SSH keys fingerprints found for user ubuntu.
[   15.628280] cloud-init[1607]: Cloud-init v. 19.4-33-gbb4131a2-0ubuntu1~18.04.1 finished at Mon, 03 Aug 2020 11:22:08 +0000. Datasource DataSourceNoCloud [seed=/dev/sdb][dsmode=net].  Up 15.61 seconds
[[0;32m  OK  [0m] Started Execute cloud user/final scripts.
[[0;32m  OK  [0m] Reached target Cloud-init target.

Ubuntu 18.04.4 LTS ubuntu-bionic ttyS0

ubuntu-bionic login: 